run_id=cuad-jev-2026-09-20 criterion='more relevant to the requested contract category' model=jev-latest pairs=240 queries=100 units=1406
gold_pairs mtime=1789939957.7376142 score_start=1789939999.4147964
jobs=1462 concurrency=6
[progress] calls=20 cache=0 fail=0 tok=11972 usd≈0.00050 model=jev-1.13.0
[progress] calls=40 cache=0 fail=0 tok=23954 usd≈0.00101 model=jev-1.13.0
[progress] calls=60 cache=0 fail=0 tok=36396 usd≈0.00153 model=jev-1.13.0
[progress] calls=80 cache=0 fail=0 tok=48928 usd≈0.00205 model=jev-1.13.0
[progress] calls=100 cache=0 fail=0 tok=63587 usd≈0.00267 model=jev-1.13.0
[progress] calls=120 cache=0 fail=0 tok=78100 usd≈0.00328 model=jev-1.13.0
[progress] calls=140 cache=0 fail=0 tok=92297 usd≈0.00388 model=jev-1.13.0
[progress] calls=160 cache=0 fail=0 tok=108462 usd≈0.00456 model=jev-1.13.0
[progress] calls=180 cache=0 fail=0 tok=122010 usd≈0.00512 model=jev-1.13.0
[progress] calls=200 cache=0 fail=0 tok=136380 usd≈0.00573 model=jev-1.13.0
[progress] calls=220 cache=0 fail=0 tok=150834 usd≈0.00634 model=jev-1.13.0
[progress] calls=240 cache=0 fail=0 tok=164474 usd≈0.00691 model=jev-1.13.0
[progress] calls=260 cache=0 fail=0 tok=179237 usd≈0.00753 model=jev-1.13.0
[progress] calls=280 cache=0 fail=0 tok=193618 usd≈0.00813 model=jev-1.13.0
[progress] calls=300 cache=2 fail=0 tok=206204 usd≈0.00866 model=jev-1.13.0
[progress] calls=320 cache=2 fail=0 tok=220456 usd≈0.00926 model=jev-1.13.0
[progress] calls=340 cache=2 fail=0 tok=235426 usd≈0.00989 model=jev-1.13.0
[progress] calls=360 cache=2 fail=0 tok=249543 usd≈0.01048 model=jev-1.13.0
[progress] calls=380 cache=2 fail=0 tok=264156 usd≈0.01109 model=jev-1.13.0
[progress] calls=400 cache=2 fail=0 tok=278070 usd≈0.01168 model=jev-1.13.0
[progress] calls=420 cache=2 fail=0 tok=295736 usd≈0.01242 model=jev-1.13.0
[progress] calls=440 cache=2 fail=0 tok=310084 usd≈0.01302 model=jev-1.13.0
[progress] calls=460 cache=2 fail=0 tok=325408 usd≈0.01367 model=jev-1.13.0
[progress] calls=480 cache=2 fail=0 tok=340086 usd≈0.01428 model=jev-1.13.0
[progress] calls=500 cache=2 fail=0 tok=353740 usd≈0.01486 model=jev-1.13.0
[progress] calls=520 cache=2 fail=0 tok=366808 usd≈0.01541 model=jev-1.13.0
[progress] calls=540 cache=2 fail=0 tok=379641 usd≈0.01594 model=jev-1.13.0
[progress] calls=560 cache=2 fail=0 tok=392076 usd≈0.01647 model=jev-1.13.0
[progress] calls=580 cache=2 fail=0 tok=404503 usd≈0.01699 model=jev-1.13.0
[progress] calls=600 cache=2 fail=0 tok=416748 usd≈0.01750 model=jev-1.13.0
[progress] calls=620 cache=2 fail=0 tok=429682 usd≈0.01805 model=jev-1.13.0
[progress] calls=640 cache=2 fail=0 tok=442682 usd≈0.01859 model=jev-1.13.0
[progress] calls=660 cache=2 fail=0 tok=455641 usd≈0.01914 model=jev-1.13.0
[progress] calls=680 cache=2 fail=0 tok=468228 usd≈0.01967 model=jev-1.13.0
[progress] calls=700 cache=2 fail=0 tok=481941 usd≈0.02024 model=jev-1.13.0
[progress] calls=720 cache=2 fail=0 tok=495393 usd≈0.02081 model=jev-1.13.0
[progress] calls=740 cache=2 fail=0 tok=508377 usd≈0.02135 model=jev-1.13.0
[progress] calls=760 cache=2 fail=0 tok=520624 usd≈0.02187 model=jev-1.13.0
[progress] calls=780 cache=2 fail=0 tok=533842 usd≈0.02242 model=jev-1.13.0
[progress] calls=800 cache=2 fail=0 tok=547314 usd≈0.02299 model=jev-1.13.0
[progress] calls=820 cache=2 fail=0 tok=560923 usd≈0.02356 model=jev-1.13.0
[progress] calls=840 cache=2 fail=0 tok=573806 usd≈0.02410 model=jev-1.13.0
[progress] calls=860 cache=2 fail=0 tok=586789 usd≈0.02465 model=jev-1.13.0
[progress] calls=880 cache=2 fail=0 tok=599248 usd≈0.02517 model=jev-1.13.0
[progress] calls=900 cache=2 fail=0 tok=611537 usd≈0.02568 model=jev-1.13.0
[progress] calls=920 cache=2 fail=0 tok=624520 usd≈0.02623 model=jev-1.13.0
[progress] calls=940 cache=2 fail=0 tok=637854 usd≈0.02679 model=jev-1.13.0
[progress] calls=960 cache=2 fail=0 tok=651044 usd≈0.02734 model=jev-1.13.0
[progress] calls=980 cache=2 fail=0 tok=664592 usd≈0.02791 model=jev-1.13.0
[progress] calls=1000 cache=2 fail=0 tok=677852 usd≈0.02847 model=jev-1.13.0
[progress] calls=1020 cache=2 fail=0 tok=691212 usd≈0.02903 model=jev-1.13.0
[progress] calls=1040 cache=2 fail=0 tok=703096 usd≈0.02953 model=jev-1.13.0
[progress] calls=1060 cache=2 fail=0 tok=715971 usd≈0.03007 model=jev-1.13.0
[progress] calls=1080 cache=2 fail=0 tok=729496 usd≈0.03064 model=jev-1.13.0
[progress] calls=1100 cache=2 fail=0 tok=742479 usd≈0.03118 model=jev-1.13.0
[progress] calls=1120 cache=2 fail=0 tok=754900 usd≈0.03171 model=jev-1.13.0
[progress] calls=1140 cache=2 fail=0 tok=767879 usd≈0.03225 model=jev-1.13.0
[progress] calls=1160 cache=2 fail=0 tok=781843 usd≈0.03284 model=jev-1.13.0
[progress] calls=1180 cache=2 fail=0 tok=795153 usd≈0.03340 model=jev-1.13.0
[progress] calls=1200 cache=2 fail=0 tok=807318 usd≈0.03391 model=jev-1.13.0
[progress] calls=1220 cache=2 fail=0 tok=820548 usd≈0.03446 model=jev-1.13.0
[progress] calls=1240 cache=2 fail=0 tok=833852 usd≈0.03502 model=jev-1.13.0
[progress] calls=1260 cache=2 fail=0 tok=846871 usd≈0.03557 model=jev-1.13.0
[progress] calls=1280 cache=2 fail=0 tok=860163 usd≈0.03613 model=jev-1.13.0
[progress] calls=1300 cache=2 fail=0 tok=872408 usd≈0.03664 model=jev-1.13.0
[progress] calls=1320 cache=2 fail=0 tok=885608 usd≈0.03720 model=jev-1.13.0
[progress] calls=1340 cache=2 fail=0 tok=899543 usd≈0.03778 model=jev-1.13.0
[progress] calls=1360 cache=2 fail=0 tok=912209 usd≈0.03831 model=jev-1.13.0
[progress] calls=1380 cache=2 fail=0 tok=924254 usd≈0.03882 model=jev-1.13.0
[progress] calls=1400 cache=2 fail=0 tok=937320 usd≈0.03937 model=jev-1.13.0
[progress] calls=1420 cache=2 fail=0 tok=950054 usd≈0.03990 model=jev-1.13.0
[progress] calls=1440 cache=2 fail=0 tok=963354 usd≈0.04046 model=jev-1.13.0
[progress] calls=1460 cache=2 fail=0 tok=976154 usd≈0.04100 model=jev-1.13.0
DONE calls=1462 cache=2 fail=0 tok=977507 usd≈0.04106 model=jev-1.13.0
